============================= test session starts =============================
platform win32 -- Python 3.12.4, pytest-9.0.2, pluggy-1.6.0 -- C:\ProgramData\miniconda3\python.exe
cachedir: .pytest_cache
rootdir: D:\02_Non-Medicine\01_Coding\02_quant\gyuant
plugins: anyio-4.12.0
collecting ... collected 3 items

tests/test_smoke_endpoints.py::test_health PASSED                        [ 33%]
tests/test_smoke_endpoints.py::test_endpoints_with_no_data PASSED        [ 66%]
tests/test_smoke_endpoints.py::test_endpoints_with_data PASSED           [100%]

============================== warnings summary ===============================
tests/test_smoke_endpoints.py::test_endpoints_with_no_data
tests/test_smoke_endpoints.py::test_endpoints_with_data
  D:\02_Non-Medicine\01_Coding\02_quant\gyuant\flask_app.py:939: DeprecationWarning: datetime.datetime.utcnow() is deprecated and scheduled for removal in a future version. Use timezone-aware objects to represent datetimes in UTC: datetime.datetime.now(datetime.UTC).
    'timestamp': cached.get('timestamp', datetime.utcnow().isoformat())

-- Docs: https://docs.pytest.org/en/stable/how-to/capture-warnings.html
======================== 3 passed, 2 warnings in 0.59s ========================
